
||Header1 \\ first one|| ||Header3||
|Row 1 [Title\|Page#Anchor] \| Column 1|Row 1 [Title1\|Page#Anchor][Title2\|Page#Anchor] [Title3\|Page#Anchor] \| Column [Title\|Page#Anchor] 2||Row 1 [Ti\\|t\]\[le\|Page#Anchor] \| Column 3|
|Row 2 \\| Column  \\ 1|Row 2 \|\| Column 2||Row 2 \| \| Column 3|



